HTTP/1.1 400 Bad Request
Content-Length: 43
Content-Type: text/plain

`password` in super global POST was not set