HTTP/1.1 409 Conflict
Content-Length: 17
Content-Type: text/plain

Username is taken