<!DOCTYPE html>
<html lang="en">
<head>

    <meta name="viewport" content="initial-scale=1">
    <title>SimplePHP</title>
    <link rel="shortcut icon" href="/favicon.png" type="image/x-icon"/>
    <link href="https://use.fontawesome.com/releases/v5.0.13/css/all.css" rel="stylesheet">
    <link rel="stylesheet" type="text/css" href="/style.css">

    <script type="text/javascript" src="/build/build.js"></script>
</head>
<body>

<div id="header" class="padding">
    Empty header html
</div>

<div id="subPage" class="padding">
    Empty sub page html
</div>

<div id="modal" class="modal centerMid fullSize hidden"></div>

<div id="loadingModal" class="hidden centerMid fullSize">
    <i class="fas fa-spinner fa-pulse bottomCenter"></i>
</div>

<div id="errorModal" class="modal centerMid fullSize hidden">

    <div id="errorModelContent" class="modal-content centerMid padding text-center">
        <h3>Der skete en fejl</h3>
        <div id="errorMessage"></div>
        <button onclick="return simplePHP.clickErrorModal.run(event);">
            <i class="fas fa-sync"></i>
            <c>Reload</c>
        </button>
    </div>

</div>

</body>
</html>