HTTP/1.1 422 Unprocessable Entity
Content-Length: 34
Content-Type: text/plain

username or password is incorrect.