HTTP/1.1 200 Ok
Content-Length: 297
Content-Type: application/json

bearerToken=eyJ0eXAiOiJKV1QiLCJhbGciOiJIUzI1NiJ9.eyJpc3MiOiJzaW1wbGVwaHAuY29tIiwiaWF0IjoxNTE5MzA0NTEyLCJleHAiOjE1MTkzOTA5MjIsInN1YiI6Ijc0NTA3NTFmMzA3YmM3NmQ5NjBmMmQ3OTJjNjZmNzIwIiwiaW1nIjoiL3Bob3RvLzViM2UwYmM1ODY0NjNkMzQ4MDAwNDhhMyIsInVuYSI6IkZpcmVjb3cifQ.Hl4JkgPsWGExHqo_8RVpKYcl0Sm8tr98qx2A6Rb5nY0
expires=Friday, 23-Feb-2018 13:02:02 UTC

{
    "jwt": "eyJ0eXAiOiJKV1QiLCJhbGciOiJIUzI1NiJ9.eyJpc3MiOiJzaW1wbGVwaHAuY29tIiwiaWF0IjoxNTE5MzA0NTEyLCJleHAiOjE1MTkzOTA5MjIsInN1YiI6Ijc0NTA3NTFmMzA3YmM3NmQ5NjBmMmQ3OTJjNjZmNzIwIiwiaW1nIjoiL3Bob3RvLzViM2UwYmM1ODY0NjNkMzQ4MDAwNDhhMyIsInVuYSI6IkZpcmVjb3cifQ.Hl4JkgPsWGExHqo_8RVpKYcl0Sm8tr98qx2A6Rb5nY0"
}