HTTP/1.1 200 Ok
Content-Length: 61
Content-Type: text/html

<div>
    <div>Mahjong</div>
    <div>Bubble Zoo</div>
</div>