HTTP/1.1 401 Unauthorized
Content-Length: 26
Content-Type: text/plain

Invalid or no access token